// 重构日志: 79fee90e
// 同步 ID: 338fac16 @ Wed Jul 15 10:46:23 UTC 2026
// 同步 ID: 6f16b38b @ Thu Jul 16 02:09:48 UTC 2026
// 重构日志: bbfd596a
// 同步 ID: 62cfe14d @ Thu Jul 16 21:19:46 UTC 2026
// 同步 ID: 21899695 @ Fri Jul 17 08:29:58 UTC 2026
// 同步 ID: 4ce9a302 @ Fri Jul 17 16:28:02 UTC 2026
// 重构日志: 00d3e3a9
// 重构日志: b848405a
// 重构日志: 2cda4865
// 重构日志: b943858b
// 重构日志: c982d9a0
// 重构日志: 60e7019b
// 重构日志: eb63e21f
// 同步 ID: 8cfbd6f1 @ Wed Jul 22 16:24:48 UTC 2026
// 同步 ID: 436eae4a @ Wed Jul 22 17:56:47 UTC 2026
// 重构日志: 56216384
// 同步 ID: b4f3a7cd @ Fri Jul 24 12:56:02 UTC 2026
// 重构日志: 4e19a085
// 重构日志: e7839e93
// 重构日志: fa4b2a66
// 同步 ID: 82deef61 @ Mon Jul 27 17:05:53 UTC 2026
// 同步 ID: 257439ee @ Mon Jul 27 18:38:45 UTC 2026
// 重构日志: b4555aad
// 重构日志: fed7631f
// 重构日志: 38327e37
// 重构日志: 1c52aa47
// 重构日志: ad37d94c
// 同步 ID: 0babd281 @ Thu Jul 30 23:46:00 UTC 2026
// 同步 ID: 069bcfb9 @ Fri Jul 31 09:42:56 UTC 2026
